2026-05-25 17:05:32 [main] INFO  com.vit.bankingManagement.base.DriverFactory - Initializing Browser : chrome
2026-05-25 17:05:38 [main] INFO  com.vit.bankingManagement.base.DriverFactory - Chrome Browser Launched Successfully
2026-05-25 17:05:38 [main] INFO  com.vit.bankingManagement.tests.RegistrationTest - ========== Test Execution Started ==========
2026-05-25 17:05:47 [main] INFO  com.vit.bankingManagement.base.DriverFactory - Closing Browser
2026-05-25 17:05:48 [main] INFO  com.vit.bankingManagement.tests.RegistrationTest - ========== Test Execution Completed ==========
2026-05-25 17:05:48 [main] INFO  com.vit.bankingManagement.base.DriverFactory - Initializing Browser : chrome
2026-05-25 17:05:50 [main] INFO  com.vit.bankingManagement.base.DriverFactory - Chrome Browser Launched Successfully
2026-05-25 17:05:50 [main] INFO  com.vit.bankingManagement.tests.NegativeRegistrationTest - ========== Test Execution Started ==========
2026-05-25 17:05:53 [main] INFO  com.vit.bankingManagement.base.DriverFactory - Closing Browser
2026-05-25 17:05:54 [main] INFO  com.vit.bankingManagement.tests.NegativeRegistrationTest - ========== Test Execution Completed ==========
2026-05-25 17:05:54 [main] INFO  com.vit.bankingManagement.base.DriverFactory - Initializing Browser : chrome
2026-05-25 17:05:55 [main] INFO  com.vit.bankingManagement.base.DriverFactory - Chrome Browser Launched Successfully
2026-05-25 17:05:55 [main] INFO  com.vit.bankingManagement.tests.LoginTest - ========== Test Execution Started ==========
2026-05-25 17:05:59 [main] INFO  com.vit.bankingManagement.base.DriverFactory - Closing Browser
2026-05-25 17:06:00 [main] INFO  com.vit.bankingManagement.tests.LoginTest - ========== Test Execution Completed ==========
2026-05-25 17:06:00 [main] INFO  com.vit.bankingManagement.base.DriverFactory - Initializing Browser : chrome
2026-05-25 17:06:01 [main] INFO  com.vit.bankingManagement.base.DriverFactory - Chrome Browser Launched Successfully
2026-05-25 17:06:01 [main] INFO  com.vit.bankingManagement.tests.OpenAccountTest - ========== Test Execution Started ==========
2026-05-25 17:06:07 [main] INFO  com.vit.bankingManagement.base.DriverFactory - Closing Browser
2026-05-25 17:06:08 [main] INFO  com.vit.bankingManagement.tests.OpenAccountTest - ========== Test Execution Completed ==========
2026-05-25 17:06:08 [main] INFO  com.vit.bankingManagement.base.DriverFactory - Initializing Browser : chrome
2026-05-25 17:06:09 [main] INFO  com.vit.bankingManagement.base.DriverFactory - Chrome Browser Launched Successfully
2026-05-25 17:06:09 [main] INFO  com.vit.bankingManagement.tests.TransferFundsTest - ========== Test Execution Started ==========
2026-05-25 17:06:29 [main] INFO  com.vit.bankingManagement.base.DriverFactory - Closing Browser
2026-05-25 17:06:30 [main] INFO  com.vit.bankingManagement.tests.TransferFundsTest - ========== Test Execution Completed ==========
2026-05-25 17:06:30 [main] INFO  com.vit.bankingManagement.base.DriverFactory - Initializing Browser : chrome
2026-05-25 17:06:31 [main] INFO  com.vit.bankingManagement.base.DriverFactory - Chrome Browser Launched Successfully
2026-05-25 17:06:31 [main] INFO  com.vit.bankingManagement.tests.NegativeTransferTest - ========== Test Execution Started ==========
2026-05-25 17:06:51 [main] INFO  com.vit.bankingManagement.base.DriverFactory - Closing Browser
2026-05-25 17:06:51 [main] INFO  com.vit.bankingManagement.tests.NegativeTransferTest - ========== Test Execution Completed ==========
2026-05-25 17:06:51 [main] INFO  com.vit.bankingManagement.base.DriverFactory - Initializing Browser : chrome
2026-05-25 17:06:53 [main] INFO  com.vit.bankingManagement.base.DriverFactory - Chrome Browser Launched Successfully
2026-05-25 17:06:53 [main] INFO  com.vit.bankingManagement.tests.TransactionHistoryTest - ========== Test Execution Started ==========
2026-05-25 17:06:59 [main] INFO  com.vit.bankingManagement.base.DriverFactory - Closing Browser
2026-05-25 17:06:59 [main] INFO  com.vit.bankingManagement.tests.TransactionHistoryTest - ========== Test Execution Completed ==========
2026-05-25 20:20:07 [main] INFO  com.vit.bankingManagement.base.DriverFactory - Initializing Browser : chrome
2026-05-25 20:20:13 [main] INFO  com.vit.bankingManagement.base.DriverFactory - Chrome Browser Launched Successfully
2026-05-25 20:20:13 [main] INFO  com.vit.bankingManagement.tests.RegistrationTest - ========== Test Execution Started ==========
2026-05-25 20:20:38 [main] INFO  com.vit.bankingManagement.base.DriverFactory - Closing Browser
2026-05-25 20:20:38 [main] INFO  com.vit.bankingManagement.tests.RegistrationTest - ========== Test Execution Completed ==========
2026-05-25 20:20:38 [main] INFO  com.vit.bankingManagement.base.DriverFactory - Initializing Browser : chrome
2026-05-25 20:20:40 [main] INFO  com.vit.bankingManagement.base.DriverFactory - Chrome Browser Launched Successfully
2026-05-25 20:20:40 [main] INFO  com.vit.bankingManagement.tests.NegativeRegistrationTest - ========== Test Execution Started ==========
2026-05-25 20:20:48 [main] INFO  com.vit.bankingManagement.base.DriverFactory - Closing Browser
2026-05-25 20:20:48 [main] INFO  com.vit.bankingManagement.tests.NegativeRegistrationTest - ========== Test Execution Completed ==========
2026-05-25 20:20:48 [main] INFO  com.vit.bankingManagement.base.DriverFactory - Initializing Browser : chrome
2026-05-25 20:20:50 [main] INFO  com.vit.bankingManagement.base.DriverFactory - Chrome Browser Launched Successfully
2026-05-25 20:20:50 [main] INFO  com.vit.bankingManagement.tests.LoginTest - ========== Test Execution Started ==========
2026-05-25 20:20:56 [main] INFO  com.vit.bankingManagement.base.DriverFactory - Closing Browser
2026-05-25 20:20:56 [main] INFO  com.vit.bankingManagement.tests.LoginTest - ========== Test Execution Completed ==========
2026-05-25 20:20:56 [main] INFO  com.vit.bankingManagement.base.DriverFactory - Initializing Browser : chrome
2026-05-25 20:20:58 [main] INFO  com.vit.bankingManagement.base.DriverFactory - Chrome Browser Launched Successfully
2026-05-25 20:20:58 [main] INFO  com.vit.bankingManagement.tests.OpenAccountTest - ========== Test Execution Started ==========
2026-05-25 20:21:18 [main] INFO  com.vit.bankingManagement.base.DriverFactory - Closing Browser
2026-05-25 20:21:18 [main] INFO  com.vit.bankingManagement.tests.OpenAccountTest - ========== Test Execution Completed ==========
2026-05-25 20:21:18 [main] INFO  com.vit.bankingManagement.base.DriverFactory - Initializing Browser : chrome
2026-05-25 20:21:20 [main] INFO  com.vit.bankingManagement.base.DriverFactory - Chrome Browser Launched Successfully
2026-05-25 20:21:20 [main] INFO  com.vit.bankingManagement.tests.TransferFundsTest - ========== Test Execution Started ==========
2026-05-25 20:21:39 [main] INFO  com.vit.bankingManagement.base.DriverFactory - Closing Browser
2026-05-25 20:21:40 [main] INFO  com.vit.bankingManagement.tests.TransferFundsTest - ========== Test Execution Completed ==========
2026-05-25 20:21:40 [main] INFO  com.vit.bankingManagement.base.DriverFactory - Initializing Browser : chrome
2026-05-25 20:21:41 [main] INFO  com.vit.bankingManagement.base.DriverFactory - Chrome Browser Launched Successfully
2026-05-25 20:21:41 [main] INFO  com.vit.bankingManagement.tests.NegativeTransferTest - ========== Test Execution Started ==========
2026-05-25 20:22:01 [main] INFO  com.vit.bankingManagement.base.DriverFactory - Closing Browser
2026-05-25 20:22:01 [main] INFO  com.vit.bankingManagement.tests.NegativeTransferTest - ========== Test Execution Completed ==========
2026-05-25 20:22:01 [main] INFO  com.vit.bankingManagement.base.DriverFactory - Initializing Browser : chrome
2026-05-25 20:22:03 [main] INFO  com.vit.bankingManagement.base.DriverFactory - Chrome Browser Launched Successfully
2026-05-25 20:22:03 [main] INFO  com.vit.bankingManagement.tests.TransactionHistoryTest - ========== Test Execution Started ==========
2026-05-25 20:22:36 [main] INFO  com.vit.bankingManagement.base.DriverFactory - Closing Browser
2026-05-25 20:22:37 [main] INFO  com.vit.bankingManagement.tests.TransactionHistoryTest - ========== Test Execution Completed ==========
2026-05-25 20:31:29 [main] INFO  com.vit.bankingManagement.base.DriverFactory - Initializing Browser : chrome
2026-05-25 20:31:32 [main] INFO  com.vit.bankingManagement.base.DriverFactory - Chrome Browser Launched Successfully
2026-05-25 20:31:32 [main] INFO  com.vit.bankingManagement.tests.RegistrationTest - ========== Test Execution Started ==========
2026-05-25 20:31:51 [main] INFO  com.vit.bankingManagement.base.DriverFactory - Closing Browser
2026-05-25 20:31:52 [main] INFO  com.vit.bankingManagement.tests.RegistrationTest - ========== Test Execution Completed ==========
2026-05-25 20:31:52 [main] INFO  com.vit.bankingManagement.base.DriverFactory - Initializing Browser : chrome
2026-05-25 20:31:53 [main] INFO  com.vit.bankingManagement.base.DriverFactory - Chrome Browser Launched Successfully
2026-05-25 20:31:53 [main] INFO  com.vit.bankingManagement.tests.NegativeRegistrationTest - ========== Test Execution Started ==========
2026-05-25 20:32:00 [main] INFO  com.vit.bankingManagement.base.DriverFactory - Closing Browser
2026-05-25 20:32:00 [main] INFO  com.vit.bankingManagement.tests.NegativeRegistrationTest - ========== Test Execution Completed ==========
2026-05-25 20:32:00 [main] INFO  com.vit.bankingManagement.base.DriverFactory - Initializing Browser : chrome
2026-05-25 20:32:02 [main] INFO  com.vit.bankingManagement.base.DriverFactory - Chrome Browser Launched Successfully
2026-05-25 20:32:02 [main] INFO  com.vit.bankingManagement.tests.LoginTest - ========== Test Execution Started ==========
2026-05-25 20:32:08 [main] INFO  com.vit.bankingManagement.base.DriverFactory - Closing Browser
2026-05-25 20:32:08 [main] INFO  com.vit.bankingManagement.tests.LoginTest - ========== Test Execution Completed ==========
2026-05-25 20:32:08 [main] INFO  com.vit.bankingManagement.base.DriverFactory - Initializing Browser : chrome
2026-05-25 20:32:09 [main] INFO  com.vit.bankingManagement.base.DriverFactory - Chrome Browser Launched Successfully
2026-05-25 20:32:09 [main] INFO  com.vit.bankingManagement.tests.OpenAccountTest - ========== Test Execution Started ==========
2026-05-25 20:32:17 [main] INFO  com.vit.bankingManagement.base.DriverFactory - Closing Browser
2026-05-25 20:32:17 [main] INFO  com.vit.bankingManagement.tests.OpenAccountTest - ========== Test Execution Completed ==========
2026-05-25 20:32:17 [main] INFO  com.vit.bankingManagement.base.DriverFactory - Initializing Browser : chrome
2026-05-25 20:32:19 [main] INFO  com.vit.bankingManagement.base.DriverFactory - Chrome Browser Launched Successfully
2026-05-25 20:32:19 [main] INFO  com.vit.bankingManagement.tests.TransferFundsTest - ========== Test Execution Started ==========
2026-05-25 20:32:41 [main] INFO  com.vit.bankingManagement.base.DriverFactory - Closing Browser
2026-05-25 20:32:41 [main] INFO  com.vit.bankingManagement.tests.TransferFundsTest - ========== Test Execution Completed ==========
2026-05-25 20:32:41 [main] INFO  com.vit.bankingManagement.base.DriverFactory - Initializing Browser : chrome
2026-05-25 20:32:43 [main] INFO  com.vit.bankingManagement.base.DriverFactory - Chrome Browser Launched Successfully
2026-05-25 20:32:43 [main] INFO  com.vit.bankingManagement.tests.NegativeTransferTest - ========== Test Execution Started ==========
2026-05-25 20:33:05 [main] INFO  com.vit.bankingManagement.base.DriverFactory - Closing Browser
2026-05-25 20:33:05 [main] INFO  com.vit.bankingManagement.tests.NegativeTransferTest - ========== Test Execution Completed ==========
2026-05-25 20:33:05 [main] INFO  com.vit.bankingManagement.base.DriverFactory - Initializing Browser : chrome
2026-05-25 20:33:07 [main] INFO  com.vit.bankingManagement.base.DriverFactory - Chrome Browser Launched Successfully
2026-05-25 20:33:07 [main] INFO  com.vit.bankingManagement.tests.TransactionHistoryTest - ========== Test Execution Started ==========
2026-05-25 20:33:30 [main] INFO  com.vit.bankingManagement.base.DriverFactory - Closing Browser
2026-05-25 20:33:31 [main] INFO  com.vit.bankingManagement.tests.TransactionHistoryTest - ========== Test Execution Completed ==========
2026-05-25 20:36:17 [main] INFO  com.vit.bankingManagement.base.DriverFactory - Initializing Browser : chrome
2026-05-25 20:36:20 [main] INFO  com.vit.bankingManagement.base.DriverFactory - Chrome Browser Launched Successfully
2026-05-25 20:36:20 [main] INFO  com.vit.bankingManagement.tests.RegistrationTest - ========== Test Execution Started ==========
2026-05-25 20:36:31 [main] INFO  com.vit.bankingManagement.base.DriverFactory - Closing Browser
2026-05-25 20:36:32 [main] INFO  com.vit.bankingManagement.tests.RegistrationTest - ========== Test Execution Completed ==========
2026-05-25 20:36:32 [main] INFO  com.vit.bankingManagement.base.DriverFactory - Initializing Browser : chrome
2026-05-25 20:36:33 [main] INFO  com.vit.bankingManagement.base.DriverFactory - Chrome Browser Launched Successfully
2026-05-25 20:36:33 [main] INFO  com.vit.bankingManagement.tests.NegativeRegistrationTest - ========== Test Execution Started ==========
2026-05-25 20:36:44 [main] INFO  com.vit.bankingManagement.base.DriverFactory - Closing Browser
2026-05-25 20:36:44 [main] INFO  com.vit.bankingManagement.tests.NegativeRegistrationTest - ========== Test Execution Completed ==========
2026-05-25 20:36:44 [main] INFO  com.vit.bankingManagement.base.DriverFactory - Initializing Browser : chrome
2026-05-25 20:36:46 [main] INFO  com.vit.bankingManagement.base.DriverFactory - Chrome Browser Launched Successfully
2026-05-25 20:36:46 [main] INFO  com.vit.bankingManagement.tests.LoginTest - ========== Test Execution Started ==========
2026-05-25 20:36:57 [main] INFO  com.vit.bankingManagement.base.DriverFactory - Closing Browser
2026-05-25 20:36:57 [main] INFO  com.vit.bankingManagement.tests.LoginTest - ========== Test Execution Completed ==========
2026-05-25 20:36:57 [main] INFO  com.vit.bankingManagement.base.DriverFactory - Initializing Browser : chrome
2026-05-25 20:36:59 [main] INFO  com.vit.bankingManagement.base.DriverFactory - Chrome Browser Launched Successfully
2026-05-25 20:36:59 [main] INFO  com.vit.bankingManagement.tests.OpenAccountTest - ========== Test Execution Started ==========
2026-05-25 20:37:07 [main] INFO  com.vit.bankingManagement.base.DriverFactory - Closing Browser
2026-05-25 20:37:07 [main] INFO  com.vit.bankingManagement.tests.OpenAccountTest - ========== Test Execution Completed ==========
2026-05-25 20:37:07 [main] INFO  com.vit.bankingManagement.base.DriverFactory - Initializing Browser : chrome
2026-05-25 20:37:09 [main] INFO  com.vit.bankingManagement.base.DriverFactory - Chrome Browser Launched Successfully
2026-05-25 20:37:09 [main] INFO  com.vit.bankingManagement.tests.TransferFundsTest - ========== Test Execution Started ==========
2026-05-25 20:37:29 [main] INFO  com.vit.bankingManagement.base.DriverFactory - Closing Browser
2026-05-25 20:37:30 [main] INFO  com.vit.bankingManagement.tests.TransferFundsTest - ========== Test Execution Completed ==========
2026-05-25 20:37:30 [main] INFO  com.vit.bankingManagement.base.DriverFactory - Initializing Browser : chrome
2026-05-25 20:37:31 [main] INFO  com.vit.bankingManagement.base.DriverFactory - Chrome Browser Launched Successfully
2026-05-25 20:37:31 [main] INFO  com.vit.bankingManagement.tests.NegativeTransferTest - ========== Test Execution Started ==========
2026-05-25 20:37:52 [main] INFO  com.vit.bankingManagement.base.DriverFactory - Closing Browser
2026-05-25 20:37:53 [main] INFO  com.vit.bankingManagement.tests.NegativeTransferTest - ========== Test Execution Completed ==========
2026-05-25 20:37:53 [main] INFO  com.vit.bankingManagement.base.DriverFactory - Initializing Browser : chrome
2026-05-25 20:37:55 [main] INFO  com.vit.bankingManagement.base.DriverFactory - Chrome Browser Launched Successfully
2026-05-25 20:37:55 [main] INFO  com.vit.bankingManagement.tests.TransactionHistoryTest - ========== Test Execution Started ==========
2026-05-25 20:38:20 [main] INFO  com.vit.bankingManagement.base.DriverFactory - Closing Browser
2026-05-25 20:38:20 [main] INFO  com.vit.bankingManagement.tests.TransactionHistoryTest - ========== Test Execution Completed ==========
2026-05-25 20:40:37 [main] INFO  com.vit.bankingManagement.base.DriverFactory - Initializing Browser : chrome
2026-05-25 20:40:40 [main] INFO  com.vit.bankingManagement.base.DriverFactory - Chrome Browser Launched Successfully
2026-05-25 20:40:40 [main] INFO  com.vit.bankingManagement.tests.RegistrationTest - ========== Test Execution Started ==========
2026-05-25 20:41:11 [main] INFO  com.vit.bankingManagement.base.DriverFactory - Closing Browser
2026-05-25 20:41:12 [main] INFO  com.vit.bankingManagement.tests.RegistrationTest - ========== Test Execution Completed ==========
2026-05-25 20:41:12 [main] INFO  com.vit.bankingManagement.base.DriverFactory - Initializing Browser : chrome
2026-05-25 20:41:13 [main] INFO  com.vit.bankingManagement.base.DriverFactory - Chrome Browser Launched Successfully
2026-05-25 20:41:13 [main] INFO  com.vit.bankingManagement.tests.NegativeRegistrationTest - ========== Test Execution Started ==========
2026-05-25 20:41:28 [main] INFO  com.vit.bankingManagement.base.DriverFactory - Closing Browser
2026-05-25 20:41:29 [main] INFO  com.vit.bankingManagement.tests.NegativeRegistrationTest - ========== Test Execution Completed ==========
2026-05-25 20:41:29 [main] INFO  com.vit.bankingManagement.base.DriverFactory - Initializing Browser : chrome
2026-05-25 20:41:30 [main] INFO  com.vit.bankingManagement.base.DriverFactory - Chrome Browser Launched Successfully
2026-05-25 20:41:30 [main] INFO  com.vit.bankingManagement.tests.LoginTest - ========== Test Execution Started ==========
2026-05-25 20:41:34 [main] INFO  com.vit.bankingManagement.base.DriverFactory - Closing Browser
2026-05-25 20:41:35 [main] INFO  com.vit.bankingManagement.tests.LoginTest - ========== Test Execution Completed ==========
2026-05-25 20:41:35 [main] INFO  com.vit.bankingManagement.base.DriverFactory - Initializing Browser : chrome
2026-05-25 20:41:36 [main] INFO  com.vit.bankingManagement.base.DriverFactory - Chrome Browser Launched Successfully
2026-05-25 20:41:36 [main] INFO  com.vit.bankingManagement.tests.OpenAccountTest - ========== Test Execution Started ==========
2026-05-25 20:41:56 [main] INFO  com.vit.bankingManagement.base.DriverFactory - Closing Browser
2026-05-25 20:41:56 [main] INFO  com.vit.bankingManagement.tests.OpenAccountTest - ========== Test Execution Completed ==========
2026-05-25 20:41:56 [main] INFO  com.vit.bankingManagement.base.DriverFactory - Initializing Browser : chrome
2026-05-25 20:41:57 [main] INFO  com.vit.bankingManagement.base.DriverFactory - Chrome Browser Launched Successfully
2026-05-25 20:41:57 [main] INFO  com.vit.bankingManagement.tests.TransferFundsTest - ========== Test Execution Started ==========
2026-05-25 20:42:18 [main] INFO  com.vit.bankingManagement.base.DriverFactory - Closing Browser
2026-05-25 20:42:18 [main] INFO  com.vit.bankingManagement.tests.TransferFundsTest - ========== Test Execution Completed ==========
2026-05-25 20:42:18 [main] INFO  com.vit.bankingManagement.base.DriverFactory - Initializing Browser : chrome
2026-05-25 20:42:20 [main] INFO  com.vit.bankingManagement.base.DriverFactory - Chrome Browser Launched Successfully
2026-05-25 20:42:20 [main] INFO  com.vit.bankingManagement.tests.NegativeTransferTest - ========== Test Execution Started ==========
2026-05-25 20:42:44 [main] INFO  com.vit.bankingManagement.base.DriverFactory - Closing Browser
2026-05-25 20:42:45 [main] INFO  com.vit.bankingManagement.tests.NegativeTransferTest - ========== Test Execution Completed ==========
2026-05-25 20:42:45 [main] INFO  com.vit.bankingManagement.base.DriverFactory - Initializing Browser : chrome
2026-05-25 20:42:46 [main] INFO  com.vit.bankingManagement.base.DriverFactory - Chrome Browser Launched Successfully
2026-05-25 20:42:46 [main] INFO  com.vit.bankingManagement.tests.TransactionHistoryTest - ========== Test Execution Started ==========
2026-05-25 20:43:08 [main] INFO  com.vit.bankingManagement.base.DriverFactory - Closing Browser
2026-05-25 20:43:08 [main] INFO  com.vit.bankingManagement.tests.TransactionHistoryTest - ========== Test Execution Completed ==========
2026-05-25 20:49:25 [main] INFO  com.vit.bankingManagement.base.DriverFactory - Initializing Browser : chrome
2026-05-25 20:49:28 [main] INFO  com.vit.bankingManagement.base.DriverFactory - Chrome Browser Launched Successfully
2026-05-25 20:49:28 [main] INFO  com.vit.bankingManagement.tests.RegistrationTest - ========== Test Execution Started ==========
2026-05-25 20:49:55 [main] INFO  com.vit.bankingManagement.base.DriverFactory - Closing Browser
2026-05-25 20:49:56 [main] INFO  com.vit.bankingManagement.tests.RegistrationTest - ========== Test Execution Completed ==========
2026-05-25 20:49:56 [main] INFO  com.vit.bankingManagement.base.DriverFactory - Initializing Browser : chrome
2026-05-25 20:49:57 [main] INFO  com.vit.bankingManagement.base.DriverFactory - Chrome Browser Launched Successfully
2026-05-25 20:49:57 [main] INFO  com.vit.bankingManagement.tests.NegativeRegistrationTest - ========== Test Execution Started ==========
2026-05-25 20:50:04 [main] INFO  com.vit.bankingManagement.base.DriverFactory - Closing Browser
2026-05-25 20:50:04 [main] INFO  com.vit.bankingManagement.tests.NegativeRegistrationTest - ========== Test Execution Completed ==========
2026-05-25 20:50:04 [main] INFO  com.vit.bankingManagement.base.DriverFactory - Initializing Browser : chrome
2026-05-25 20:50:06 [main] INFO  com.vit.bankingManagement.base.DriverFactory - Closing Browser
2026-05-25 20:50:06 [main] INFO  com.vit.bankingManagement.base.DriverFactory - Initializing Browser : chrome
2026-05-25 20:50:08 [main] INFO  com.vit.bankingManagement.base.DriverFactory - Chrome Browser Launched Successfully
2026-05-25 20:50:08 [main] INFO  com.vit.bankingManagement.tests.OpenAccountTest - ========== Test Execution Started ==========
2026-05-25 20:50:31 [main] INFO  com.vit.bankingManagement.base.DriverFactory - Closing Browser
2026-05-25 20:50:32 [main] INFO  com.vit.bankingManagement.tests.OpenAccountTest - ========== Test Execution Completed ==========
2026-05-25 20:50:32 [main] INFO  com.vit.bankingManagement.base.DriverFactory - Initializing Browser : chrome
2026-05-25 20:50:33 [main] INFO  com.vit.bankingManagement.base.DriverFactory - Chrome Browser Launched Successfully
2026-05-25 20:50:33 [main] INFO  com.vit.bankingManagement.tests.TransferFundsTest - ========== Test Execution Started ==========
2026-05-25 20:50:54 [main] INFO  com.vit.bankingManagement.base.DriverFactory - Closing Browser
2026-05-25 20:50:54 [main] INFO  com.vit.bankingManagement.tests.TransferFundsTest - ========== Test Execution Completed ==========
2026-05-25 20:50:54 [main] INFO  com.vit.bankingManagement.base.DriverFactory - Initializing Browser : chrome
2026-05-25 20:50:56 [main] INFO  com.vit.bankingManagement.base.DriverFactory - Chrome Browser Launched Successfully
2026-05-25 20:50:56 [main] INFO  com.vit.bankingManagement.tests.NegativeTransferTest - ========== Test Execution Started ==========
2026-05-25 20:51:16 [main] INFO  com.vit.bankingManagement.base.DriverFactory - Closing Browser
2026-05-25 20:51:17 [main] INFO  com.vit.bankingManagement.tests.NegativeTransferTest - ========== Test Execution Completed ==========
2026-05-25 20:51:17 [main] INFO  com.vit.bankingManagement.base.DriverFactory - Initializing Browser : chrome
2026-05-25 20:51:18 [main] INFO  com.vit.bankingManagement.base.DriverFactory - Chrome Browser Launched Successfully
2026-05-25 20:51:18 [main] INFO  com.vit.bankingManagement.tests.TransactionHistoryTest - ========== Test Execution Started ==========
2026-05-25 20:51:38 [main] INFO  com.vit.bankingManagement.base.DriverFactory - Closing Browser
2026-05-25 20:51:38 [main] INFO  com.vit.bankingManagement.tests.TransactionHistoryTest - ========== Test Execution Completed ==========
2026-05-25 20:55:59 [main] INFO  com.vit.bankingManagement.base.DriverFactory - Initializing Browser : chrome
2026-05-25 20:56:12 [main] INFO  com.vit.bankingManagement.base.DriverFactory - Chrome Browser Launched Successfully
2026-05-25 20:56:12 [main] INFO  com.vit.bankingManagement.tests.RegistrationTest - ========== Test Execution Started ==========
2026-05-25 20:56:22 [main] INFO  com.vit.bankingManagement.tests.RegistrationTest - ========== Test Execution Completed ==========
2026-05-25 20:56:22 [main] INFO  com.vit.bankingManagement.base.DriverFactory - Initializing Browser : chrome
2026-05-25 20:56:24 [main] INFO  com.vit.bankingManagement.base.DriverFactory - Chrome Browser Launched Successfully
2026-05-25 20:56:24 [main] INFO  com.vit.bankingManagement.tests.NegativeRegistrationTest - ========== Test Execution Started ==========
2026-05-25 20:56:32 [main] INFO  com.vit.bankingManagement.tests.NegativeRegistrationTest - ========== Test Execution Completed ==========
2026-05-25 20:56:32 [main] INFO  com.vit.bankingManagement.base.DriverFactory - Initializing Browser : chrome
2026-05-25 20:56:35 [main] INFO  com.vit.bankingManagement.base.DriverFactory - Chrome Browser Launched Successfully
2026-05-25 20:56:35 [main] INFO  com.vit.bankingManagement.tests.LoginTest - ========== Test Execution Started ==========
2026-05-25 20:56:54 [main] INFO  com.vit.bankingManagement.tests.LoginTest - ========== Test Execution Completed ==========
2026-05-25 20:56:54 [main] INFO  com.vit.bankingManagement.base.DriverFactory - Initializing Browser : chrome
2026-05-25 20:56:56 [main] INFO  com.vit.bankingManagement.base.DriverFactory - Chrome Browser Launched Successfully
2026-05-25 20:56:56 [main] INFO  com.vit.bankingManagement.tests.OpenAccountTest - ========== Test Execution Started ==========
2026-05-25 20:57:17 [main] INFO  com.vit.bankingManagement.tests.OpenAccountTest - ========== Test Execution Completed ==========
2026-05-25 20:57:17 [main] INFO  com.vit.bankingManagement.base.DriverFactory - Initializing Browser : chrome
2026-05-25 20:57:20 [main] INFO  com.vit.bankingManagement.base.DriverFactory - Chrome Browser Launched Successfully
2026-05-25 20:57:20 [main] INFO  com.vit.bankingManagement.tests.TransferFundsTest - ========== Test Execution Started ==========
2026-05-25 20:57:41 [main] INFO  com.vit.bankingManagement.tests.TransferFundsTest - ========== Test Execution Completed ==========
2026-05-25 20:57:41 [main] INFO  com.vit.bankingManagement.base.DriverFactory - Initializing Browser : chrome
2026-05-25 20:57:44 [main] INFO  com.vit.bankingManagement.base.DriverFactory - Chrome Browser Launched Successfully
2026-05-25 20:57:44 [main] INFO  com.vit.bankingManagement.tests.NegativeTransferTest - ========== Test Execution Started ==========
2026-05-25 20:58:05 [main] INFO  com.vit.bankingManagement.tests.NegativeTransferTest - ========== Test Execution Completed ==========
2026-05-25 20:58:05 [main] INFO  com.vit.bankingManagement.base.DriverFactory - Initializing Browser : chrome
2026-05-25 20:58:07 [main] INFO  com.vit.bankingManagement.base.DriverFactory - Chrome Browser Launched Successfully
2026-05-25 20:58:07 [main] INFO  com.vit.bankingManagement.tests.TransactionHistoryTest - ========== Test Execution Started ==========
2026-05-25 20:58:36 [main] INFO  com.vit.bankingManagement.tests.TransactionHistoryTest - ========== Test Execution Completed ==========
2026-05-25 21:13:30 [main] INFO  com.vit.bankingManagement.base.DriverFactory - Initializing Browser : chrome
2026-05-25 21:13:34 [main] INFO  com.vit.bankingManagement.base.DriverFactory - Chrome Browser Launched Successfully
2026-05-25 21:13:34 [main] INFO  com.vit.bankingManagement.tests.RegistrationTest - ========== Test Execution Started ==========
2026-05-25 21:13:58 [main] INFO  com.vit.bankingManagement.tests.RegistrationTest - ========== Test Execution Completed ==========
2026-05-25 21:13:58 [main] INFO  com.vit.bankingManagement.base.DriverFactory - Initializing Browser : chrome
2026-05-25 21:14:01 [main] INFO  com.vit.bankingManagement.base.DriverFactory - Chrome Browser Launched Successfully
2026-05-25 21:14:01 [main] INFO  com.vit.bankingManagement.tests.NegativeRegistrationTest - ========== Test Execution Started ==========
2026-05-25 21:14:06 [main] INFO  com.vit.bankingManagement.tests.NegativeRegistrationTest - ========== Test Execution Completed ==========
2026-05-25 21:14:06 [main] INFO  com.vit.bankingManagement.base.DriverFactory - Initializing Browser : chrome
2026-05-25 21:14:09 [main] INFO  com.vit.bankingManagement.base.DriverFactory - Chrome Browser Launched Successfully
2026-05-25 21:14:09 [main] INFO  com.vit.bankingManagement.tests.LoginTest - ========== Test Execution Started ==========
2026-05-25 21:14:27 [main] INFO  com.vit.bankingManagement.tests.LoginTest - ========== Test Execution Completed ==========
2026-05-25 21:14:27 [main] INFO  com.vit.bankingManagement.base.DriverFactory - Initializing Browser : chrome
2026-05-25 21:14:29 [main] INFO  com.vit.bankingManagement.base.DriverFactory - Chrome Browser Launched Successfully
2026-05-25 21:14:29 [main] INFO  com.vit.bankingManagement.tests.OpenAccountTest - ========== Test Execution Started ==========
2026-05-25 21:14:50 [main] INFO  com.vit.bankingManagement.tests.OpenAccountTest - ========== Test Execution Completed ==========
2026-05-25 21:14:50 [main] INFO  com.vit.bankingManagement.base.DriverFactory - Initializing Browser : chrome
2026-05-25 21:14:53 [main] INFO  com.vit.bankingManagement.base.DriverFactory - Chrome Browser Launched Successfully
2026-05-25 21:14:53 [main] INFO  com.vit.bankingManagement.tests.TransferFundsTest - ========== Test Execution Started ==========
2026-05-25 21:15:15 [main] INFO  com.vit.bankingManagement.tests.TransferFundsTest - ========== Test Execution Completed ==========
2026-05-25 21:15:15 [main] INFO  com.vit.bankingManagement.base.DriverFactory - Initializing Browser : chrome
2026-05-25 21:15:18 [main] INFO  com.vit.bankingManagement.base.DriverFactory - Chrome Browser Launched Successfully
2026-05-25 21:15:18 [main] INFO  com.vit.bankingManagement.tests.NegativeTransferTest - ========== Test Execution Started ==========
2026-05-25 21:15:39 [main] INFO  com.vit.bankingManagement.tests.NegativeTransferTest - ========== Test Execution Completed ==========
2026-05-25 21:15:39 [main] INFO  com.vit.bankingManagement.base.DriverFactory - Initializing Browser : chrome
2026-05-25 21:15:41 [main] INFO  com.vit.bankingManagement.base.DriverFactory - Chrome Browser Launched Successfully
2026-05-25 21:15:41 [main] INFO  com.vit.bankingManagement.tests.TransactionHistoryTest - ========== Test Execution Started ==========
2026-05-25 21:16:02 [main] INFO  com.vit.bankingManagement.tests.TransactionHistoryTest - ========== Test Execution Completed ==========
2026-05-25 21:17:12 [main] INFO  com.vit.bankingManagement.base.DriverFactory - Initializing Browser : chrome
2026-05-25 21:17:17 [main] INFO  com.vit.bankingManagement.base.DriverFactory - Chrome Browser Launched Successfully
2026-05-25 21:17:17 [main] INFO  com.vit.bankingManagement.tests.RegistrationTest - ========== Test Execution Started ==========
2026-05-25 21:17:27 [main] INFO  com.vit.bankingManagement.tests.RegistrationTest - ========== Test Execution Completed ==========
2026-05-25 21:17:27 [main] INFO  com.vit.bankingManagement.base.DriverFactory - Initializing Browser : chrome
2026-05-25 21:17:29 [main] INFO  com.vit.bankingManagement.base.DriverFactory - Chrome Browser Launched Successfully
2026-05-25 21:17:29 [main] INFO  com.vit.bankingManagement.tests.NegativeRegistrationTest - ========== Test Execution Started ==========
2026-05-25 21:17:34 [main] INFO  com.vit.bankingManagement.tests.NegativeRegistrationTest - ========== Test Execution Completed ==========
2026-05-25 21:17:34 [main] INFO  com.vit.bankingManagement.base.DriverFactory - Initializing Browser : chrome
2026-05-25 21:17:37 [main] INFO  com.vit.bankingManagement.base.DriverFactory - Chrome Browser Launched Successfully
2026-05-25 21:17:37 [main] INFO  com.vit.bankingManagement.tests.LoginTest - ========== Test Execution Started ==========
2026-05-25 21:17:55 [main] INFO  com.vit.bankingManagement.tests.LoginTest - ========== Test Execution Completed ==========
2026-05-25 21:17:55 [main] INFO  com.vit.bankingManagement.base.DriverFactory - Initializing Browser : chrome
2026-05-25 21:17:58 [main] INFO  com.vit.bankingManagement.base.DriverFactory - Chrome Browser Launched Successfully
2026-05-25 21:17:58 [main] INFO  com.vit.bankingManagement.tests.OpenAccountTest - ========== Test Execution Started ==========
2026-05-25 21:18:08 [main] INFO  com.vit.bankingManagement.tests.OpenAccountTest - ========== Test Execution Completed ==========
2026-05-25 21:18:08 [main] INFO  com.vit.bankingManagement.base.DriverFactory - Initializing Browser : chrome
2026-05-25 21:18:10 [main] INFO  com.vit.bankingManagement.base.DriverFactory - Chrome Browser Launched Successfully
2026-05-25 21:18:10 [main] INFO  com.vit.bankingManagement.tests.TransferFundsTest - ========== Test Execution Started ==========
2026-05-25 21:18:17 [main] INFO  com.vit.bankingManagement.tests.TransferFundsTest - ========== Test Execution Completed ==========
2026-05-25 21:18:17 [main] INFO  com.vit.bankingManagement.base.DriverFactory - Initializing Browser : chrome
2026-05-25 21:18:19 [main] INFO  com.vit.bankingManagement.base.DriverFactory - Chrome Browser Launched Successfully
2026-05-25 21:18:19 [main] INFO  com.vit.bankingManagement.tests.NegativeTransferTest - ========== Test Execution Started ==========
2026-05-25 21:18:42 [main] INFO  com.vit.bankingManagement.tests.NegativeTransferTest - ========== Test Execution Completed ==========
2026-05-25 21:18:42 [main] INFO  com.vit.bankingManagement.base.DriverFactory - Initializing Browser : chrome
2026-05-25 21:18:44 [main] INFO  com.vit.bankingManagement.base.DriverFactory - Chrome Browser Launched Successfully
2026-05-25 21:18:44 [main] INFO  com.vit.bankingManagement.tests.TransactionHistoryTest - ========== Test Execution Started ==========
2026-05-25 21:18:53 [main] INFO  com.vit.bankingManagement.tests.TransactionHistoryTest - ========== Test Execution Completed ==========
2026-05-25 21:31:06 [main] INFO  com.vit.bankingManagement.base.DriverFactory - Initializing Browser : chrome
2026-05-25 21:31:10 [main] INFO  com.vit.bankingManagement.base.DriverFactory - Chrome Browser Launched Successfully
2026-05-25 21:31:10 [main] INFO  com.vit.bankingManagement.tests.RegistrationTest - ========== Test Execution Started ==========
2026-05-25 21:31:35 [main] INFO  com.vit.bankingManagement.tests.RegistrationTest - ========== Test Execution Completed ==========
2026-05-25 21:31:35 [main] INFO  com.vit.bankingManagement.base.DriverFactory - Initializing Browser : chrome
2026-05-25 21:31:38 [main] INFO  com.vit.bankingManagement.base.DriverFactory - Chrome Browser Launched Successfully
2026-05-25 21:31:38 [main] INFO  com.vit.bankingManagement.tests.NegativeRegistrationTest - ========== Test Execution Started ==========
2026-05-25 21:31:46 [main] INFO  com.vit.bankingManagement.tests.NegativeRegistrationTest - ========== Test Execution Completed ==========
2026-05-25 21:31:46 [main] INFO  com.vit.bankingManagement.base.DriverFactory - Initializing Browser : chrome
2026-05-25 21:31:49 [main] INFO  com.vit.bankingManagement.base.DriverFactory - Chrome Browser Launched Successfully
2026-05-25 21:31:49 [main] INFO  com.vit.bankingManagement.tests.LoginTest - ========== Test Execution Started ==========
2026-05-25 21:32:17 [main] INFO  com.vit.bankingManagement.tests.LoginTest - ========== Test Execution Completed ==========
2026-05-25 21:32:17 [main] INFO  com.vit.bankingManagement.base.DriverFactory - Initializing Browser : chrome
2026-05-25 21:32:19 [main] INFO  com.vit.bankingManagement.base.DriverFactory - Chrome Browser Launched Successfully
2026-05-25 21:32:19 [main] INFO  com.vit.bankingManagement.tests.OpenAccountTest - ========== Test Execution Started ==========
2026-05-25 21:32:46 [main] INFO  com.vit.bankingManagement.tests.OpenAccountTest - ========== Test Execution Completed ==========
2026-05-25 21:32:46 [main] INFO  com.vit.bankingManagement.base.DriverFactory - Initializing Browser : chrome
2026-05-25 21:32:49 [main] INFO  com.vit.bankingManagement.base.DriverFactory - Chrome Browser Launched Successfully
2026-05-25 21:32:49 [main] INFO  com.vit.bankingManagement.tests.TransferFundsTest - ========== Test Execution Started ==========
2026-05-25 21:33:25 [main] INFO  com.vit.bankingManagement.tests.TransferFundsTest - ========== Test Execution Completed ==========
2026-05-25 21:33:25 [main] INFO  com.vit.bankingManagement.base.DriverFactory - Initializing Browser : chrome
2026-05-25 21:33:28 [main] INFO  com.vit.bankingManagement.base.DriverFactory - Chrome Browser Launched Successfully
2026-05-25 21:33:28 [main] INFO  com.vit.bankingManagement.tests.NegativeTransferTest - ========== Test Execution Started ==========
2026-05-25 21:33:47 [main] INFO  com.vit.bankingManagement.tests.NegativeTransferTest - ========== Test Execution Completed ==========
2026-05-25 21:33:47 [main] INFO  com.vit.bankingManagement.base.DriverFactory - Initializing Browser : chrome
2026-05-25 21:33:49 [main] INFO  com.vit.bankingManagement.base.DriverFactory - Chrome Browser Launched Successfully
2026-05-25 21:33:49 [main] INFO  com.vit.bankingManagement.tests.TransactionHistoryTest - ========== Test Execution Started ==========
2026-05-25 21:34:08 [main] INFO  com.vit.bankingManagement.tests.TransactionHistoryTest - ========== Test Execution Completed ==========
2026-05-25 21:36:57 [main] INFO  com.vit.bankingManagement.base.DriverFactory - Initializing Browser : chrome
2026-05-25 21:37:00 [main] INFO  com.vit.bankingManagement.base.DriverFactory - Chrome Browser Launched Successfully
2026-05-25 21:37:00 [main] INFO  com.vit.bankingManagement.tests.RegistrationTest - ========== Test Execution Started ==========
2026-05-25 21:37:12 [main] INFO  com.vit.bankingManagement.tests.RegistrationTest - ========== Test Execution Completed ==========
2026-05-25 21:37:12 [main] INFO  com.vit.bankingManagement.base.DriverFactory - Initializing Browser : chrome
2026-05-25 21:37:15 [main] INFO  com.vit.bankingManagement.base.DriverFactory - Chrome Browser Launched Successfully
2026-05-25 21:37:15 [main] INFO  com.vit.bankingManagement.tests.NegativeRegistrationTest - ========== Test Execution Started ==========
2026-05-25 21:37:20 [main] INFO  com.vit.bankingManagement.tests.NegativeRegistrationTest - ========== Test Execution Completed ==========
2026-05-25 21:37:20 [main] INFO  com.vit.bankingManagement.base.DriverFactory - Initializing Browser : chrome
2026-05-25 21:37:22 [main] INFO  com.vit.bankingManagement.base.DriverFactory - Chrome Browser Launched Successfully
2026-05-25 21:37:22 [main] INFO  com.vit.bankingManagement.tests.LoginTest - ========== Test Execution Started ==========
2026-05-25 21:37:41 [main] INFO  com.vit.bankingManagement.tests.LoginTest - ========== Test Execution Completed ==========
2026-05-25 21:37:41 [main] INFO  com.vit.bankingManagement.base.DriverFactory - Initializing Browser : chrome
2026-05-25 21:37:43 [main] INFO  com.vit.bankingManagement.base.DriverFactory - Chrome Browser Launched Successfully
2026-05-25 21:37:43 [main] INFO  com.vit.bankingManagement.tests.OpenAccountTest - ========== Test Execution Started ==========
2026-05-25 21:38:03 [main] INFO  com.vit.bankingManagement.tests.OpenAccountTest - ========== Test Execution Completed ==========
2026-05-25 21:38:03 [main] INFO  com.vit.bankingManagement.base.DriverFactory - Initializing Browser : chrome
2026-05-25 21:38:05 [main] INFO  com.vit.bankingManagement.base.DriverFactory - Chrome Browser Launched Successfully
2026-05-25 21:38:05 [main] INFO  com.vit.bankingManagement.tests.TransferFundsTest - ========== Test Execution Started ==========
2026-05-25 21:38:26 [main] INFO  com.vit.bankingManagement.tests.TransferFundsTest - ========== Test Execution Completed ==========
2026-05-25 21:38:26 [main] INFO  com.vit.bankingManagement.base.DriverFactory - Initializing Browser : chrome
2026-05-25 21:38:28 [main] INFO  com.vit.bankingManagement.base.DriverFactory - Chrome Browser Launched Successfully
2026-05-25 21:38:28 [main] INFO  com.vit.bankingManagement.tests.NegativeTransferTest - ========== Test Execution Started ==========
2026-05-25 21:38:33 [main] INFO  com.vit.bankingManagement.tests.NegativeTransferTest - ========== Test Execution Completed ==========
2026-05-25 21:38:33 [main] INFO  com.vit.bankingManagement.base.DriverFactory - Initializing Browser : chrome
2026-05-25 21:38:36 [main] INFO  com.vit.bankingManagement.base.DriverFactory - Chrome Browser Launched Successfully
2026-05-25 21:38:36 [main] INFO  com.vit.bankingManagement.tests.TransactionHistoryTest - ========== Test Execution Started ==========
2026-05-25 21:38:57 [main] INFO  com.vit.bankingManagement.tests.TransactionHistoryTest - ========== Test Execution Completed ==========
2026-05-25 22:05:44 [main] INFO  com.vit.bankingManagement.base.DriverFactory - Initializing Browser : chrome
2026-05-25 22:05:50 [main] INFO  com.vit.bankingManagement.base.DriverFactory - Chrome Browser Launched Successfully
2026-05-25 22:05:50 [main] INFO  com.vit.bankingManagement.tests.RegistrationTest - ========== Test Execution Started ==========
2026-05-25 22:06:38 [main] INFO  com.vit.bankingManagement.base.DriverFactory - Initializing Browser : chrome
2026-05-25 22:06:41 [main] INFO  com.vit.bankingManagement.base.DriverFactory - Chrome Browser Launched Successfully
2026-05-25 22:06:41 [main] INFO  com.vit.bankingManagement.tests.RegistrationTest - ========== Test Execution Started ==========
2026-05-25 22:24:54 [main] INFO  com.vit.bankingManagement.base.DriverFactory - Initializing Browser : Chrome
2026-05-25 22:24:57 [main] INFO  com.vit.bankingManagement.base.DriverFactory - Chrome Browser Launched Successfully
2026-05-25 22:24:57 [main] INFO  com.vit.bankingManagement.tests.RegistrationTest - ========== Test Execution Started ==========
2026-05-25 22:25:21 [main] INFO  com.vit.bankingManagement.tests.RegistrationTest - ========== Test Execution Completed ==========
2026-05-25 22:25:21 [main] INFO  com.vit.bankingManagement.base.DriverFactory - Initializing Browser : Chrome
2026-05-25 22:25:24 [main] INFO  com.vit.bankingManagement.base.DriverFactory - Chrome Browser Launched Successfully
2026-05-25 22:25:24 [main] INFO  com.vit.bankingManagement.tests.NegativeRegistrationTest - ========== Test Execution Started ==========
2026-05-25 22:25:28 [main] INFO  com.vit.bankingManagement.tests.NegativeRegistrationTest - ========== Test Execution Completed ==========
2026-05-25 22:25:28 [main] INFO  com.vit.bankingManagement.base.DriverFactory - Initializing Browser : Chrome
2026-05-25 22:25:30 [main] INFO  com.vit.bankingManagement.base.DriverFactory - Chrome Browser Launched Successfully
2026-05-25 22:25:30 [main] INFO  com.vit.bankingManagement.tests.LoginTest - ========== Test Execution Started ==========
2026-05-25 22:25:50 [main] INFO  com.vit.bankingManagement.tests.LoginTest - ========== Test Execution Completed ==========
2026-05-25 22:25:50 [main] INFO  com.vit.bankingManagement.base.DriverFactory - Initializing Browser : Chrome
2026-05-25 22:25:52 [main] INFO  com.vit.bankingManagement.base.DriverFactory - Chrome Browser Launched Successfully
2026-05-25 22:25:52 [main] INFO  com.vit.bankingManagement.tests.OpenAccountTest - ========== Test Execution Started ==========
2026-05-25 22:26:11 [main] INFO  com.vit.bankingManagement.tests.OpenAccountTest - ========== Test Execution Completed ==========
2026-05-25 22:26:11 [main] INFO  com.vit.bankingManagement.base.DriverFactory - Initializing Browser : Chrome
2026-05-25 22:26:14 [main] INFO  com.vit.bankingManagement.base.DriverFactory - Chrome Browser Launched Successfully
2026-05-25 22:26:14 [main] INFO  com.vit.bankingManagement.tests.TransferFundsTest - ========== Test Execution Started ==========
2026-05-25 22:26:34 [main] INFO  com.vit.bankingManagement.tests.TransferFundsTest - ========== Test Execution Completed ==========
2026-05-25 22:26:34 [main] INFO  com.vit.bankingManagement.base.DriverFactory - Initializing Browser : Chrome
2026-05-25 22:26:36 [main] INFO  com.vit.bankingManagement.base.DriverFactory - Chrome Browser Launched Successfully
2026-05-25 22:26:36 [main] INFO  com.vit.bankingManagement.tests.NegativeTransferTest - ========== Test Execution Started ==========
2026-05-25 22:26:55 [main] INFO  com.vit.bankingManagement.tests.NegativeTransferTest - ========== Test Execution Completed ==========
2026-05-25 22:26:56 [main] INFO  com.vit.bankingManagement.base.DriverFactory - Initializing Browser : Chrome
2026-05-25 22:26:58 [main] INFO  com.vit.bankingManagement.base.DriverFactory - Chrome Browser Launched Successfully
2026-05-25 22:26:58 [main] INFO  com.vit.bankingManagement.tests.TransactionHistoryTest - ========== Test Execution Started ==========
2026-05-25 22:27:18 [main] INFO  com.vit.bankingManagement.tests.TransactionHistoryTest - ========== Test Execution Completed ==========
2026-05-25 22:28:25 [main] INFO  com.vit.bankingManagement.base.DriverFactory - Initializing Browser : Chrome
2026-05-25 22:28:28 [main] INFO  com.vit.bankingManagement.base.DriverFactory - Chrome Browser Launched Successfully
2026-05-25 22:28:28 [main] INFO  com.vit.bankingManagement.tests.RegistrationTest - ========== Test Execution Started ==========
2026-05-25 22:28:38 [main] INFO  com.vit.bankingManagement.tests.RegistrationTest - ========== Test Execution Completed ==========
2026-05-25 22:28:38 [main] INFO  com.vit.bankingManagement.base.DriverFactory - Initializing Browser : Chrome
2026-05-25 22:28:41 [main] INFO  com.vit.bankingManagement.base.DriverFactory - Chrome Browser Launched Successfully
2026-05-25 22:28:41 [main] INFO  com.vit.bankingManagement.tests.NegativeRegistrationTest - ========== Test Execution Started ==========
2026-05-25 22:28:45 [main] INFO  com.vit.bankingManagement.tests.NegativeRegistrationTest - ========== Test Execution Completed ==========
2026-05-25 22:28:45 [main] INFO  com.vit.bankingManagement.base.DriverFactory - Initializing Browser : Chrome
2026-05-25 22:28:47 [main] INFO  com.vit.bankingManagement.base.DriverFactory - Chrome Browser Launched Successfully
2026-05-25 22:28:47 [main] INFO  com.vit.bankingManagement.tests.LoginTest - ========== Test Execution Started ==========
2026-05-25 22:29:06 [main] INFO  com.vit.bankingManagement.tests.LoginTest - ========== Test Execution Completed ==========
2026-05-25 22:29:06 [main] INFO  com.vit.bankingManagement.base.DriverFactory - Initializing Browser : Chrome
2026-05-25 22:29:09 [main] INFO  com.vit.bankingManagement.base.DriverFactory - Chrome Browser Launched Successfully
2026-05-25 22:29:09 [main] INFO  com.vit.bankingManagement.tests.OpenAccountTest - ========== Test Execution Started ==========
2026-05-25 22:29:31 [main] INFO  com.vit.bankingManagement.tests.OpenAccountTest - ========== Test Execution Completed ==========
2026-05-25 22:29:31 [main] INFO  com.vit.bankingManagement.base.DriverFactory - Initializing Browser : Chrome
2026-05-25 22:29:33 [main] INFO  com.vit.bankingManagement.base.DriverFactory - Chrome Browser Launched Successfully
2026-05-25 22:29:33 [main] INFO  com.vit.bankingManagement.tests.TransferFundsTest - ========== Test Execution Started ==========
2026-05-25 22:29:53 [main] INFO  com.vit.bankingManagement.tests.TransferFundsTest - ========== Test Execution Completed ==========
2026-05-25 22:29:53 [main] INFO  com.vit.bankingManagement.base.DriverFactory - Initializing Browser : Chrome
2026-05-25 22:29:56 [main] INFO  com.vit.bankingManagement.base.DriverFactory - Chrome Browser Launched Successfully
2026-05-25 22:29:56 [main] INFO  com.vit.bankingManagement.tests.NegativeTransferTest - ========== Test Execution Started ==========
2026-05-25 22:30:16 [main] INFO  com.vit.bankingManagement.tests.NegativeTransferTest - ========== Test Execution Completed ==========
2026-05-25 22:30:16 [main] INFO  com.vit.bankingManagement.base.DriverFactory - Initializing Browser : Chrome
2026-05-25 22:30:19 [main] INFO  com.vit.bankingManagement.base.DriverFactory - Chrome Browser Launched Successfully
2026-05-25 22:30:19 [main] INFO  com.vit.bankingManagement.tests.TransactionHistoryTest - ========== Test Execution Started ==========
2026-05-25 22:30:39 [main] INFO  com.vit.bankingManagement.tests.TransactionHistoryTest - ========== Test Execution Completed ==========
2026-05-25 22:33:32 [main] INFO  com.vit.bankingManagement.base.DriverFactory - Initializing Browser : Chrome
2026-05-25 22:33:35 [main] INFO  com.vit.bankingManagement.base.DriverFactory - Chrome Browser Launched Successfully
2026-05-25 22:33:35 [main] INFO  com.vit.bankingManagement.tests.RegistrationTest - ========== Test Execution Started ==========
2026-05-25 22:33:43 [main] INFO  com.vit.bankingManagement.tests.RegistrationTest - ========== Test Execution Completed ==========
2026-05-25 22:33:43 [main] INFO  com.vit.bankingManagement.base.DriverFactory - Initializing Browser : Chrome
2026-05-25 22:33:45 [main] INFO  com.vit.bankingManagement.base.DriverFactory - Chrome Browser Launched Successfully
2026-05-25 22:33:45 [main] INFO  com.vit.bankingManagement.tests.NegativeRegistrationTest - ========== Test Execution Started ==========
2026-05-25 22:33:50 [main] INFO  com.vit.bankingManagement.tests.NegativeRegistrationTest - ========== Test Execution Completed ==========
2026-05-25 22:33:50 [main] INFO  com.vit.bankingManagement.base.DriverFactory - Initializing Browser : Chrome
2026-05-25 22:33:53 [main] INFO  com.vit.bankingManagement.base.DriverFactory - Chrome Browser Launched Successfully
2026-05-25 22:33:53 [main] INFO  com.vit.bankingManagement.tests.LoginTest - ========== Test Execution Started ==========
2026-05-25 22:34:13 [main] INFO  com.vit.bankingManagement.tests.LoginTest - ========== Test Execution Completed ==========
2026-05-25 22:34:13 [main] INFO  com.vit.bankingManagement.base.DriverFactory - Initializing Browser : Chrome
2026-05-25 22:34:15 [main] INFO  com.vit.bankingManagement.base.DriverFactory - Chrome Browser Launched Successfully
2026-05-25 22:34:15 [main] INFO  com.vit.bankingManagement.tests.OpenAccountTest - ========== Test Execution Started ==========
2026-05-25 22:34:36 [main] INFO  com.vit.bankingManagement.tests.OpenAccountTest - ========== Test Execution Completed ==========
2026-05-25 22:34:36 [main] INFO  com.vit.bankingManagement.base.DriverFactory - Initializing Browser : Chrome
2026-05-25 22:34:38 [main] INFO  com.vit.bankingManagement.base.DriverFactory - Chrome Browser Launched Successfully
2026-05-25 22:34:38 [main] INFO  com.vit.bankingManagement.tests.TransferFundsTest - ========== Test Execution Started ==========
2026-05-25 22:34:46 [main] INFO  com.vit.bankingManagement.tests.TransferFundsTest - ========== Test Execution Completed ==========
2026-05-25 22:34:46 [main] INFO  com.vit.bankingManagement.base.DriverFactory - Initializing Browser : Chrome
2026-05-25 22:34:48 [main] INFO  com.vit.bankingManagement.base.DriverFactory - Chrome Browser Launched Successfully
2026-05-25 22:34:48 [main] INFO  com.vit.bankingManagement.tests.NegativeTransferTest - ========== Test Execution Started ==========
2026-05-25 22:34:53 [main] INFO  com.vit.bankingManagement.tests.NegativeTransferTest - ========== Test Execution Completed ==========
2026-05-25 22:34:53 [main] INFO  com.vit.bankingManagement.base.DriverFactory - Initializing Browser : Chrome
2026-05-25 22:34:55 [main] INFO  com.vit.bankingManagement.base.DriverFactory - Chrome Browser Launched Successfully
2026-05-25 22:34:55 [main] INFO  com.vit.bankingManagement.tests.TransactionHistoryTest - ========== Test Execution Started ==========
2026-05-25 22:35:00 [main] INFO  com.vit.bankingManagement.tests.TransactionHistoryTest - ========== Test Execution Completed ==========
2026-05-25 22:36:42 [main] INFO  com.vit.bankingManagement.base.DriverFactory - Initializing Browser : Chrome
2026-05-25 22:36:45 [main] INFO  com.vit.bankingManagement.base.DriverFactory - Chrome Browser Launched Successfully
2026-05-25 22:36:45 [main] INFO  com.vit.bankingManagement.tests.RegistrationTest - ========== Test Execution Started ==========
2026-05-25 22:36:53 [main] INFO  com.vit.bankingManagement.tests.RegistrationTest - ========== Test Execution Completed ==========
2026-05-25 22:36:53 [main] INFO  com.vit.bankingManagement.base.DriverFactory - Initializing Browser : Chrome
2026-05-25 22:36:55 [main] INFO  com.vit.bankingManagement.base.DriverFactory - Chrome Browser Launched Successfully
2026-05-25 22:36:55 [main] INFO  com.vit.bankingManagement.tests.NegativeRegistrationTest - ========== Test Execution Started ==========
2026-05-25 22:36:59 [main] INFO  com.vit.bankingManagement.tests.NegativeRegistrationTest - ========== Test Execution Completed ==========
2026-05-25 22:36:59 [main] INFO  com.vit.bankingManagement.base.DriverFactory - Initializing Browser : Chrome
2026-05-25 22:37:01 [main] INFO  com.vit.bankingManagement.base.DriverFactory - Chrome Browser Launched Successfully
2026-05-25 22:37:01 [main] INFO  com.vit.bankingManagement.tests.LoginTest - ========== Test Execution Started ==========
2026-05-25 22:37:05 [main] INFO  com.vit.bankingManagement.tests.LoginTest - ========== Test Execution Completed ==========
2026-05-25 22:37:05 [main] INFO  com.vit.bankingManagement.base.DriverFactory - Initializing Browser : Chrome
2026-05-25 22:37:07 [main] INFO  com.vit.bankingManagement.base.DriverFactory - Chrome Browser Launched Successfully
2026-05-25 22:37:07 [main] INFO  com.vit.bankingManagement.tests.OpenAccountTest - ========== Test Execution Started ==========
2026-05-25 22:37:27 [main] INFO  com.vit.bankingManagement.tests.OpenAccountTest - ========== Test Execution Completed ==========
2026-05-25 22:37:27 [main] INFO  com.vit.bankingManagement.base.DriverFactory - Initializing Browser : Chrome
2026-05-25 22:37:29 [main] INFO  com.vit.bankingManagement.base.DriverFactory - Chrome Browser Launched Successfully
2026-05-25 22:37:29 [main] INFO  com.vit.bankingManagement.tests.TransferFundsTest - ========== Test Execution Started ==========
2026-05-25 22:37:34 [main] INFO  com.vit.bankingManagement.tests.TransferFundsTest - ========== Test Execution Completed ==========
2026-05-25 22:37:34 [main] INFO  com.vit.bankingManagement.base.DriverFactory - Initializing Browser : Chrome
2026-05-25 22:37:37 [main] INFO  com.vit.bankingManagement.base.DriverFactory - Chrome Browser Launched Successfully
2026-05-25 22:37:37 [main] INFO  com.vit.bankingManagement.tests.NegativeTransferTest - ========== Test Execution Started ==========
2026-05-25 22:37:41 [main] INFO  com.vit.bankingManagement.tests.NegativeTransferTest - ========== Test Execution Completed ==========
2026-05-25 22:37:41 [main] INFO  com.vit.bankingManagement.base.DriverFactory - Initializing Browser : Chrome
2026-05-25 22:37:43 [main] INFO  com.vit.bankingManagement.base.DriverFactory - Chrome Browser Launched Successfully
2026-05-25 22:37:43 [main] INFO  com.vit.bankingManagement.tests.TransactionHistoryTest - ========== Test Execution Started ==========
2026-05-25 22:37:49 [main] INFO  com.vit.bankingManagement.tests.TransactionHistoryTest - ========== Test Execution Completed ==========
2026-05-25 22:51:53 [main] INFO  com.vit.bankingManagement.base.DriverFactory - Initializing Browser : Chrome
2026-05-25 22:51:57 [main] INFO  com.vit.bankingManagement.base.DriverFactory - Chrome Browser Launched Successfully
2026-05-25 22:51:57 [main] INFO  com.vit.bankingManagement.tests.RegistrationTest - ========== Test Execution Started ==========
2026-05-25 22:52:20 [main] INFO  com.vit.bankingManagement.tests.RegistrationTest - ========== Test Execution Completed ==========
2026-05-25 22:52:20 [main] INFO  com.vit.bankingManagement.base.DriverFactory - Initializing Browser : Chrome
2026-05-25 22:52:22 [main] INFO  com.vit.bankingManagement.base.DriverFactory - Chrome Browser Launched Successfully
2026-05-25 22:52:22 [main] INFO  com.vit.bankingManagement.tests.NegativeRegistrationTest - ========== Test Execution Started ==========
2026-05-25 22:52:26 [main] INFO  com.vit.bankingManagement.tests.NegativeRegistrationTest - ========== Test Execution Completed ==========
2026-05-25 22:52:26 [main] INFO  com.vit.bankingManagement.base.DriverFactory - Initializing Browser : Chrome
2026-05-25 22:52:28 [main] INFO  com.vit.bankingManagement.base.DriverFactory - Chrome Browser Launched Successfully
2026-05-25 22:52:28 [main] INFO  com.vit.bankingManagement.tests.LoginTest - ========== Test Execution Started ==========
2026-05-25 22:52:31 [main] INFO  com.vit.bankingManagement.tests.LoginTest - ========== Test Execution Completed ==========
2026-05-25 22:52:31 [main] INFO  com.vit.bankingManagement.base.DriverFactory - Initializing Browser : Chrome
2026-05-25 22:52:34 [main] INFO  com.vit.bankingManagement.base.DriverFactory - Chrome Browser Launched Successfully
2026-05-25 22:52:34 [main] INFO  com.vit.bankingManagement.tests.OpenAccountTest - ========== Test Execution Started ==========
2026-05-25 22:52:54 [main] INFO  com.vit.bankingManagement.tests.OpenAccountTest - ========== Test Execution Completed ==========
2026-05-25 22:52:54 [main] INFO  com.vit.bankingManagement.base.DriverFactory - Initializing Browser : Chrome
2026-05-25 22:52:56 [main] INFO  com.vit.bankingManagement.base.DriverFactory - Chrome Browser Launched Successfully
2026-05-25 22:52:56 [main] INFO  com.vit.bankingManagement.tests.TransferFundsTest - ========== Test Execution Started ==========
2026-05-25 22:53:00 [main] INFO  com.vit.bankingManagement.tests.TransferFundsTest - ========== Test Execution Completed ==========
2026-05-25 22:53:00 [main] INFO  com.vit.bankingManagement.base.DriverFactory - Initializing Browser : Chrome
2026-05-25 22:53:02 [main] INFO  com.vit.bankingManagement.base.DriverFactory - Chrome Browser Launched Successfully
2026-05-25 22:53:02 [main] INFO  com.vit.bankingManagement.tests.NegativeTransferTest - ========== Test Execution Started ==========
2026-05-25 22:53:08 [main] INFO  com.vit.bankingManagement.tests.NegativeTransferTest - ========== Test Execution Completed ==========
2026-05-25 22:53:08 [main] INFO  com.vit.bankingManagement.base.DriverFactory - Initializing Browser : Chrome
2026-05-25 22:53:10 [main] INFO  com.vit.bankingManagement.base.DriverFactory - Chrome Browser Launched Successfully
2026-05-25 22:53:10 [main] INFO  com.vit.bankingManagement.tests.TransactionHistoryTest - ========== Test Execution Started ==========
2026-05-25 22:53:17 [main] INFO  com.vit.bankingManagement.tests.TransactionHistoryTest - ========== Test Execution Completed ==========
2026-05-25 22:54:38 [main] INFO  com.vit.bankingManagement.base.DriverFactory - Initializing Browser : Chrome
2026-05-25 22:54:41 [main] INFO  com.vit.bankingManagement.base.DriverFactory - Chrome Browser Launched Successfully
2026-05-25 22:54:41 [main] INFO  com.vit.bankingManagement.tests.RegistrationTest - ========== Test Execution Started ==========
2026-05-25 22:54:49 [main] INFO  com.vit.bankingManagement.tests.RegistrationTest - ========== Test Execution Completed ==========
2026-05-25 22:54:49 [main] INFO  com.vit.bankingManagement.base.DriverFactory - Initializing Browser : Chrome
2026-05-25 22:54:51 [main] INFO  com.vit.bankingManagement.base.DriverFactory - Chrome Browser Launched Successfully
2026-05-25 22:54:51 [main] INFO  com.vit.bankingManagement.tests.NegativeRegistrationTest - ========== Test Execution Started ==========
2026-05-25 22:54:55 [main] INFO  com.vit.bankingManagement.tests.NegativeRegistrationTest - ========== Test Execution Completed ==========
2026-05-25 22:54:55 [main] INFO  com.vit.bankingManagement.base.DriverFactory - Initializing Browser : Chrome
2026-05-25 22:54:57 [main] INFO  com.vit.bankingManagement.base.DriverFactory - Chrome Browser Launched Successfully
2026-05-25 22:54:57 [main] INFO  com.vit.bankingManagement.tests.LoginTest - ========== Test Execution Started ==========
2026-05-25 22:55:00 [main] INFO  com.vit.bankingManagement.tests.LoginTest - ========== Test Execution Completed ==========
2026-05-25 22:55:00 [main] INFO  com.vit.bankingManagement.base.DriverFactory - Initializing Browser : Chrome
2026-05-25 22:55:03 [main] INFO  com.vit.bankingManagement.base.DriverFactory - Chrome Browser Launched Successfully
2026-05-25 22:55:03 [main] INFO  com.vit.bankingManagement.tests.OpenAccountTest - ========== Test Execution Started ==========
2026-05-25 22:55:22 [main] INFO  com.vit.bankingManagement.tests.OpenAccountTest - ========== Test Execution Completed ==========
2026-05-25 22:55:22 [main] INFO  com.vit.bankingManagement.base.DriverFactory - Initializing Browser : Chrome
2026-05-25 22:55:25 [main] INFO  com.vit.bankingManagement.base.DriverFactory - Chrome Browser Launched Successfully
2026-05-25 22:55:25 [main] INFO  com.vit.bankingManagement.tests.TransferFundsTest - ========== Test Execution Started ==========
2026-05-25 22:55:28 [main] INFO  com.vit.bankingManagement.tests.TransferFundsTest - ========== Test Execution Completed ==========
2026-05-25 22:55:28 [main] INFO  com.vit.bankingManagement.base.DriverFactory - Initializing Browser : Chrome
2026-05-25 22:55:31 [main] INFO  com.vit.bankingManagement.base.DriverFactory - Chrome Browser Launched Successfully
2026-05-25 22:55:31 [main] INFO  com.vit.bankingManagement.tests.NegativeTransferTest - ========== Test Execution Started ==========
2026-05-25 22:55:35 [main] INFO  com.vit.bankingManagement.tests.NegativeTransferTest - ========== Test Execution Completed ==========
2026-05-25 22:55:35 [main] INFO  com.vit.bankingManagement.base.DriverFactory - Initializing Browser : Chrome
2026-05-25 22:55:37 [main] INFO  com.vit.bankingManagement.base.DriverFactory - Chrome Browser Launched Successfully
2026-05-25 22:55:37 [main] INFO  com.vit.bankingManagement.tests.TransactionHistoryTest - ========== Test Execution Started ==========
2026-05-25 22:55:42 [main] INFO  com.vit.bankingManagement.tests.TransactionHistoryTest - ========== Test Execution Completed ==========
2026-05-25 22:57:37 [main] INFO  com.vit.bankingManagement.base.DriverFactory - Initializing Browser : Chrome
2026-05-25 22:57:41 [main] INFO  com.vit.bankingManagement.base.DriverFactory - Chrome Browser Launched Successfully
2026-05-25 22:57:41 [main] INFO  com.vit.bankingManagement.tests.RegistrationTest - ========== Test Execution Started ==========
2026-05-25 22:57:49 [main] INFO  com.vit.bankingManagement.tests.RegistrationTest - ========== Test Execution Completed ==========
2026-05-25 22:57:49 [main] INFO  com.vit.bankingManagement.base.DriverFactory - Initializing Browser : Chrome
2026-05-25 22:57:51 [main] INFO  com.vit.bankingManagement.base.DriverFactory - Chrome Browser Launched Successfully
2026-05-25 22:57:51 [main] INFO  com.vit.bankingManagement.tests.NegativeRegistrationTest - ========== Test Execution Started ==========
2026-05-25 22:57:55 [main] INFO  com.vit.bankingManagement.tests.NegativeRegistrationTest - ========== Test Execution Completed ==========
2026-05-25 22:57:55 [main] INFO  com.vit.bankingManagement.base.DriverFactory - Initializing Browser : Chrome
2026-05-25 22:57:57 [main] INFO  com.vit.bankingManagement.base.DriverFactory - Chrome Browser Launched Successfully
2026-05-25 22:57:57 [main] INFO  com.vit.bankingManagement.tests.LoginTest - ========== Test Execution Started ==========
2026-05-25 22:58:01 [main] INFO  com.vit.bankingManagement.tests.LoginTest - ========== Test Execution Completed ==========
2026-05-25 22:58:01 [main] INFO  com.vit.bankingManagement.base.DriverFactory - Initializing Browser : Chrome
2026-05-25 22:58:04 [main] INFO  com.vit.bankingManagement.base.DriverFactory - Chrome Browser Launched Successfully
2026-05-25 22:58:04 [main] INFO  com.vit.bankingManagement.tests.OpenAccountTest - ========== Test Execution Started ==========
2026-05-25 22:58:08 [main] INFO  com.vit.bankingManagement.tests.OpenAccountTest - ========== Test Execution Completed ==========
2026-05-25 22:58:08 [main] INFO  com.vit.bankingManagement.base.DriverFactory - Initializing Browser : Chrome
2026-05-25 22:58:10 [main] INFO  com.vit.bankingManagement.base.DriverFactory - Chrome Browser Launched Successfully
2026-05-25 22:58:10 [main] INFO  com.vit.bankingManagement.tests.TransferFundsTest - ========== Test Execution Started ==========
2026-05-25 22:58:14 [main] INFO  com.vit.bankingManagement.tests.TransferFundsTest - ========== Test Execution Completed ==========
2026-05-25 22:58:14 [main] INFO  com.vit.bankingManagement.base.DriverFactory - Initializing Browser : Chrome
2026-05-25 22:58:17 [main] INFO  com.vit.bankingManagement.base.DriverFactory - Chrome Browser Launched Successfully
2026-05-25 22:58:17 [main] INFO  com.vit.bankingManagement.tests.NegativeTransferTest - ========== Test Execution Started ==========
2026-05-25 22:58:21 [main] INFO  com.vit.bankingManagement.tests.NegativeTransferTest - ========== Test Execution Completed ==========
2026-05-25 22:58:21 [main] INFO  com.vit.bankingManagement.base.DriverFactory - Initializing Browser : Chrome
2026-05-25 22:58:24 [main] INFO  com.vit.bankingManagement.base.DriverFactory - Chrome Browser Launched Successfully
2026-05-25 22:58:24 [main] INFO  com.vit.bankingManagement.tests.TransactionHistoryTest - ========== Test Execution Started ==========
2026-05-25 22:58:29 [main] INFO  com.vit.bankingManagement.tests.TransactionHistoryTest - ========== Test Execution Completed ==========
2026-05-25 23:05:21 [main] INFO  com.vit.bankingManagement.base.DriverFactory - Initializing Browser : Chrome
2026-05-25 23:05:24 [main] INFO  com.vit.bankingManagement.base.DriverFactory - Chrome Browser Launched Successfully
2026-05-25 23:05:24 [main] INFO  com.vit.bankingManagement.tests.RegistrationTest - ========== Test Execution Started ==========
2026-05-25 23:06:10 [main] INFO  com.vit.bankingManagement.base.DriverFactory - Initializing Browser : Chrome
2026-05-25 23:06:14 [main] INFO  com.vit.bankingManagement.base.DriverFactory - Chrome Browser Launched Successfully
2026-05-25 23:06:14 [main] INFO  com.vit.bankingManagement.tests.RegistrationTest - ========== Test Execution Started ==========
2026-05-25 23:06:35 [main] INFO  com.vit.bankingManagement.tests.RegistrationTest - ========== Test Execution Completed ==========
2026-05-25 23:06:35 [main] INFO  com.vit.bankingManagement.base.DriverFactory - Initializing Browser : Chrome
2026-05-25 23:06:37 [main] INFO  com.vit.bankingManagement.base.DriverFactory - Chrome Browser Launched Successfully
2026-05-25 23:06:37 [main] INFO  com.vit.bankingManagement.tests.NegativeRegistrationTest - ========== Test Execution Started ==========
2026-05-25 23:06:42 [main] INFO  com.vit.bankingManagement.tests.NegativeRegistrationTest - ========== Test Execution Completed ==========
2026-05-25 23:06:42 [main] INFO  com.vit.bankingManagement.base.DriverFactory - Initializing Browser : Chrome
2026-05-25 23:06:44 [main] INFO  com.vit.bankingManagement.base.DriverFactory - Chrome Browser Launched Successfully
2026-05-25 23:06:44 [main] INFO  com.vit.bankingManagement.tests.LoginTest - ========== Test Execution Started ==========
2026-05-25 23:06:48 [main] INFO  com.vit.bankingManagement.tests.LoginTest - ========== Test Execution Completed ==========
2026-05-25 23:06:48 [main] INFO  com.vit.bankingManagement.base.DriverFactory - Initializing Browser : Chrome
2026-05-25 23:06:50 [main] INFO  com.vit.bankingManagement.base.DriverFactory - Chrome Browser Launched Successfully
2026-05-25 23:06:50 [main] INFO  com.vit.bankingManagement.tests.OpenAccountTest - ========== Test Execution Started ==========
2026-05-25 23:06:55 [main] INFO  com.vit.bankingManagement.tests.OpenAccountTest - ========== Test Execution Completed ==========
2026-05-25 23:06:55 [main] INFO  com.vit.bankingManagement.base.DriverFactory - Initializing Browser : Chrome
2026-05-25 23:06:57 [main] INFO  com.vit.bankingManagement.base.DriverFactory - Chrome Browser Launched Successfully
2026-05-25 23:06:57 [main] INFO  com.vit.bankingManagement.tests.TransferFundsTest - ========== Test Execution Started ==========
2026-05-25 23:07:02 [main] INFO  com.vit.bankingManagement.tests.TransferFundsTest - ========== Test Execution Completed ==========
2026-05-25 23:07:02 [main] INFO  com.vit.bankingManagement.base.DriverFactory - Initializing Browser : Chrome
2026-05-25 23:07:04 [main] INFO  com.vit.bankingManagement.base.DriverFactory - Chrome Browser Launched Successfully
2026-05-25 23:07:04 [main] INFO  com.vit.bankingManagement.tests.NegativeTransferTest - ========== Test Execution Started ==========
2026-05-25 23:07:08 [main] INFO  com.vit.bankingManagement.tests.NegativeTransferTest - ========== Test Execution Completed ==========
2026-05-25 23:07:08 [main] INFO  com.vit.bankingManagement.base.DriverFactory - Initializing Browser : Chrome
2026-05-25 23:07:10 [main] INFO  com.vit.bankingManagement.base.DriverFactory - Chrome Browser Launched Successfully
2026-05-25 23:07:10 [main] INFO  com.vit.bankingManagement.tests.TransactionHistoryTest - ========== Test Execution Started ==========
2026-05-25 23:07:16 [main] INFO  com.vit.bankingManagement.tests.TransactionHistoryTest - ========== Test Execution Completed ==========
2026-05-25 23:11:00 [main] INFO  com.vit.bankingManagement.base.DriverFactory - Initializing Browser : Chrome
2026-05-25 23:11:03 [main] INFO  com.vit.bankingManagement.base.DriverFactory - Chrome Browser Launched Successfully
2026-05-25 23:11:03 [main] INFO  com.vit.bankingManagement.tests.RegistrationTest - ========== Test Execution Started ==========
2026-05-25 23:11:11 [main] INFO  com.vit.bankingManagement.tests.RegistrationTest - ========== Test Execution Completed ==========
2026-05-25 23:11:11 [main] INFO  com.vit.bankingManagement.base.DriverFactory - Initializing Browser : Chrome
2026-05-25 23:11:13 [main] INFO  com.vit.bankingManagement.base.DriverFactory - Chrome Browser Launched Successfully
2026-05-25 23:11:13 [main] INFO  com.vit.bankingManagement.tests.NegativeRegistrationTest - ========== Test Execution Started ==========
2026-05-25 23:11:18 [main] INFO  com.vit.bankingManagement.tests.NegativeRegistrationTest - ========== Test Execution Completed ==========
2026-05-25 23:11:18 [main] INFO  com.vit.bankingManagement.base.DriverFactory - Initializing Browser : Chrome
2026-05-25 23:11:20 [main] INFO  com.vit.bankingManagement.base.DriverFactory - Chrome Browser Launched Successfully
2026-05-25 23:11:20 [main] INFO  com.vit.bankingManagement.tests.LoginTest - ========== Test Execution Started ==========
2026-05-25 23:11:26 [main] INFO  com.vit.bankingManagement.tests.LoginTest - ========== Test Execution Completed ==========
2026-05-25 23:11:26 [main] INFO  com.vit.bankingManagement.base.DriverFactory - Initializing Browser : Chrome
2026-05-25 23:11:28 [main] INFO  com.vit.bankingManagement.base.DriverFactory - Chrome Browser Launched Successfully
2026-05-25 23:11:28 [main] INFO  com.vit.bankingManagement.tests.OpenAccountTest - ========== Test Execution Started ==========
2026-05-25 23:11:49 [main] INFO  com.vit.bankingManagement.tests.OpenAccountTest - ========== Test Execution Completed ==========
2026-05-25 23:11:49 [main] INFO  com.vit.bankingManagement.base.DriverFactory - Initializing Browser : Chrome
2026-05-25 23:11:51 [main] INFO  com.vit.bankingManagement.base.DriverFactory - Chrome Browser Launched Successfully
2026-05-25 23:11:51 [main] INFO  com.vit.bankingManagement.tests.TransferFundsTest - ========== Test Execution Started ==========
2026-05-25 23:12:11 [main] INFO  com.vit.bankingManagement.tests.TransferFundsTest - ========== Test Execution Completed ==========
2026-05-25 23:12:11 [main] INFO  com.vit.bankingManagement.base.DriverFactory - Initializing Browser : Chrome
2026-05-25 23:12:13 [main] INFO  com.vit.bankingManagement.base.DriverFactory - Chrome Browser Launched Successfully
2026-05-25 23:12:13 [main] INFO  com.vit.bankingManagement.tests.NegativeTransferTest - ========== Test Execution Started ==========
2026-05-25 23:12:33 [main] INFO  com.vit.bankingManagement.tests.NegativeTransferTest - ========== Test Execution Completed ==========
2026-05-25 23:12:33 [main] INFO  com.vit.bankingManagement.base.DriverFactory - Initializing Browser : Chrome
2026-05-25 23:12:35 [main] INFO  com.vit.bankingManagement.base.DriverFactory - Chrome Browser Launched Successfully
2026-05-25 23:12:35 [main] INFO  com.vit.bankingManagement.tests.TransactionHistoryTest - ========== Test Execution Started ==========
2026-05-25 23:12:54 [main] INFO  com.vit.bankingManagement.tests.TransactionHistoryTest - ========== Test Execution Completed ==========
2026-05-25 23:14:28 [main] INFO  com.vit.bankingManagement.base.DriverFactory - Initializing Browser : Chrome
2026-05-25 23:14:31 [main] INFO  com.vit.bankingManagement.base.DriverFactory - Chrome Browser Launched Successfully
2026-05-25 23:14:31 [main] INFO  com.vit.bankingManagement.tests.RegistrationTest - ========== Test Execution Started ==========
2026-05-25 23:14:39 [main] INFO  com.vit.bankingManagement.tests.RegistrationTest - ========== Test Execution Completed ==========
2026-05-25 23:14:39 [main] INFO  com.vit.bankingManagement.base.DriverFactory - Initializing Browser : Chrome
2026-05-25 23:14:41 [main] INFO  com.vit.bankingManagement.base.DriverFactory - Chrome Browser Launched Successfully
2026-05-25 23:14:41 [main] INFO  com.vit.bankingManagement.tests.NegativeRegistrationTest - ========== Test Execution Started ==========
2026-05-25 23:14:45 [main] INFO  com.vit.bankingManagement.tests.NegativeRegistrationTest - ========== Test Execution Completed ==========
2026-05-25 23:14:45 [main] INFO  com.vit.bankingManagement.base.DriverFactory - Initializing Browser : Chrome
2026-05-25 23:14:47 [main] INFO  com.vit.bankingManagement.base.DriverFactory - Chrome Browser Launched Successfully
2026-05-25 23:14:47 [main] INFO  com.vit.bankingManagement.tests.LoginTest - ========== Test Execution Started ==========
2026-05-25 23:14:51 [main] INFO  com.vit.bankingManagement.tests.LoginTest - ========== Test Execution Completed ==========
2026-05-25 23:14:51 [main] INFO  com.vit.bankingManagement.base.DriverFactory - Initializing Browser : Chrome
2026-05-25 23:14:53 [main] INFO  com.vit.bankingManagement.base.DriverFactory - Chrome Browser Launched Successfully
2026-05-25 23:14:53 [main] INFO  com.vit.bankingManagement.tests.OpenAccountTest - ========== Test Execution Started ==========
2026-05-25 23:14:58 [main] INFO  com.vit.bankingManagement.tests.OpenAccountTest - ========== Test Execution Completed ==========
2026-05-25 23:14:58 [main] INFO  com.vit.bankingManagement.base.DriverFactory - Initializing Browser : Chrome
2026-05-25 23:15:00 [main] INFO  com.vit.bankingManagement.base.DriverFactory - Chrome Browser Launched Successfully
2026-05-25 23:15:00 [main] INFO  com.vit.bankingManagement.tests.TransferFundsTest - ========== Test Execution Started ==========
2026-05-25 23:15:05 [main] INFO  com.vit.bankingManagement.tests.TransferFundsTest - ========== Test Execution Completed ==========
2026-05-25 23:15:05 [main] INFO  com.vit.bankingManagement.base.DriverFactory - Initializing Browser : Chrome
2026-05-25 23:15:07 [main] INFO  com.vit.bankingManagement.base.DriverFactory - Chrome Browser Launched Successfully
2026-05-25 23:15:07 [main] INFO  com.vit.bankingManagement.tests.NegativeTransferTest - ========== Test Execution Started ==========
2026-05-25 23:15:12 [main] INFO  com.vit.bankingManagement.tests.NegativeTransferTest - ========== Test Execution Completed ==========
2026-05-25 23:15:12 [main] INFO  com.vit.bankingManagement.base.DriverFactory - Initializing Browser : Chrome
2026-05-25 23:15:14 [main] INFO  com.vit.bankingManagement.base.DriverFactory - Chrome Browser Launched Successfully
2026-05-25 23:15:14 [main] INFO  com.vit.bankingManagement.tests.TransactionHistoryTest - ========== Test Execution Started ==========
2026-05-25 23:15:20 [main] INFO  com.vit.bankingManagement.tests.TransactionHistoryTest - ========== Test Execution Completed ==========
2026-05-26 07:32:25 [main] INFO  com.vit.bankingManagement.base.DriverFactory - Initializing Browser : Chrome
2026-05-26 07:32:33 [main] INFO  com.vit.bankingManagement.base.DriverFactory - Chrome Browser Launched Successfully
2026-05-26 07:32:33 [main] INFO  com.vit.bankingManagement.tests.RegistrationTest - ========== Test Execution Started ==========
2026-05-26 07:32:42 [main] INFO  com.vit.bankingManagement.tests.RegistrationTest - ========== Test Execution Completed ==========
2026-05-26 07:32:42 [main] INFO  com.vit.bankingManagement.base.DriverFactory - Initializing Browser : Chrome
2026-05-26 07:32:44 [main] INFO  com.vit.bankingManagement.base.DriverFactory - Chrome Browser Launched Successfully
2026-05-26 07:32:44 [main] INFO  com.vit.bankingManagement.tests.NegativeRegistrationTest - ========== Test Execution Started ==========
2026-05-26 07:32:48 [main] INFO  com.vit.bankingManagement.tests.NegativeRegistrationTest - ========== Test Execution Completed ==========
2026-05-26 07:32:48 [main] INFO  com.vit.bankingManagement.base.DriverFactory - Initializing Browser : Chrome
2026-05-26 07:32:51 [main] INFO  com.vit.bankingManagement.base.DriverFactory - Chrome Browser Launched Successfully
2026-05-26 07:32:51 [main] INFO  com.vit.bankingManagement.tests.LoginTest - ========== Test Execution Started ==========
2026-05-26 07:32:55 [main] INFO  com.vit.bankingManagement.tests.LoginTest - ========== Test Execution Completed ==========
2026-05-26 07:32:55 [main] INFO  com.vit.bankingManagement.base.DriverFactory - Initializing Browser : Chrome
2026-05-26 07:32:57 [main] INFO  com.vit.bankingManagement.base.DriverFactory - Chrome Browser Launched Successfully
2026-05-26 07:32:57 [main] INFO  com.vit.bankingManagement.tests.OpenAccountTest - ========== Test Execution Started ==========
2026-05-26 07:33:07 [main] INFO  com.vit.bankingManagement.tests.OpenAccountTest - ========== Test Execution Completed ==========
2026-05-26 07:33:07 [main] INFO  com.vit.bankingManagement.base.DriverFactory - Initializing Browser : Chrome
2026-05-26 07:33:10 [main] INFO  com.vit.bankingManagement.base.DriverFactory - Chrome Browser Launched Successfully
2026-05-26 07:33:10 [main] INFO  com.vit.bankingManagement.tests.TransferFundsTest - ========== Test Execution Started ==========
2026-05-26 07:33:22 [main] INFO  com.vit.bankingManagement.tests.TransferFundsTest - ========== Test Execution Completed ==========
2026-05-26 07:33:22 [main] INFO  com.vit.bankingManagement.base.DriverFactory - Initializing Browser : Chrome
2026-05-26 07:33:24 [main] INFO  com.vit.bankingManagement.base.DriverFactory - Chrome Browser Launched Successfully
2026-05-26 07:33:24 [main] INFO  com.vit.bankingManagement.tests.NegativeTransferTest - ========== Test Execution Started ==========
2026-05-26 07:34:27 [main] INFO  com.vit.bankingManagement.tests.NegativeTransferTest - ========== Test Execution Completed ==========
2026-05-26 07:34:27 [main] INFO  com.vit.bankingManagement.base.DriverFactory - Initializing Browser : Chrome
2026-05-26 07:34:30 [main] INFO  com.vit.bankingManagement.base.DriverFactory - Chrome Browser Launched Successfully
2026-05-26 07:34:30 [main] INFO  com.vit.bankingManagement.tests.TransactionHistoryTest - ========== Test Execution Started ==========
2026-05-26 07:34:36 [main] INFO  com.vit.bankingManagement.tests.TransactionHistoryTest - ========== Test Execution Completed ==========
